{
  "name": "fixture-node-pass",
  "version": "1.0.0",
  "private": true,
  "scripts": {
    "test": "node --test test/",
    "lint": "eslint .",
    "format": "prettier --check .",
    "bootstrap": "node -e \"process.exit(0)\""
  },
  "engines": {
    "node": ">=18"
  },
  "devDependencies": {
    "eslint": "^9.0.0",
    "prettier": "^3.0.0"
  }
}